// Jest Snapshot v1, https://goo.gl/fbAQLP

exports[`matches snapshot 1`] = `
<div
  data-testid="clock"
>
  <time
    dateTime={"2021-04-30T09:32:23.625Z"}
  >
    12:32:23
  </time>
</div>
`;
