// Jest Snapshot v1, https://goo.gl/fbAQLP

exports[`matches snapshot 1`] = `
<div
  className="text-secondary spinner-border spinner-border-sm"
  data-testid="spinner"
  role="status"
/>
`;
